// Jest Snapshot v1, https://goo.gl/fbAQLP

exports[`Header renders correctly 1`] = `
.c0 {
  width: 80%;
  margin: 1em auto;
  padding: .25em .5em;
  border-radius: 20px;
  text-align: center;
  box-shadow: 2px 4px 8px -4px rgba(0,0,0,0.6),-2px -2px 2px 0px rgba(255,255,255,0.5);
}

<div
  class="c0"
>
  <h1>
    Your Favourites
  </h1>
</div>
`;
