// Jest Snapshot v1, https://goo.gl/fbAQLP

exports[`InputField renders correctly 1`] = `
.c0 {
  grid-column: 1 / -1;
  width: 100%;
  text-align: center;
  margin: 0 auto 2em;
  margin-bottom: 1em;
}

.c0 h3 {
  text-align: left;
  padding-left: .5em;
  margin: 0 0 1em;
}

.c0 input {
  width: 100%;
  padding: 1em;
  height: 3em;
  font-size: 1em;
  border: none;
  border-radius: 10px;
  color: #6b717e;
  background-color: #d8e6e4;
  box-shadow: inset 4px 4px 6px 0 rgba(0,0,0,0.2),inset -3px -4px 6px 0 rgba(255,255,255,0.3);
}

.c0 input:focus {
  outline: none;
  box-shadow: inset 4px 4px 6px 0 rgba(0,0,0,0.2),inset -3px -4px 6px 0 rgba(255,255,255,0.3),0 0 0px 1.7px #d3a392;
}

.c0 input[type=range] {
  width: 100%;
  margin: 4.05px 0;
  background-color: transparent;
  -webkit-appearance: none;
  box-shadow: none;
}

.c0 input[type=range]:focus {
  outline: none;
  box-shadow: none;
}

.c0 input[type=range]::-webkit-slider-runnable-track {
  background: var(--background-light);
  border: 0;
  border-radius: 25px;
  width: 100%;
  height: 1.5em;
  cursor: pointer;
  box-shadow: inset 4px 4px 6px 0 rgba(0,0,0,0.2),inset -3px -4px 6px 0 rgba(255,255,255,0.3);
}

.c0 input[type=range]::-webkit-slider-thumb {
  margin-top: -4.05px;
  width: 2em;
  height: 2em;
  background: var(--link);
  border: 0;
  border-radius: 2em;
  cursor: pointer;
  -webkit-appearance: none;
  box-shadow: 1.5px 1.5px 4px -1px rgba(0,0,0,0.6),-1px -1px 2px 0px rgba(255,255,255,0.5);
}

.c0 input[type=range]:focus::-webkit-slider-runnable-track {
  background: var(--background-light);
}

.c0 input[type=range]::-moz-range-track {
  background: var(--background-light);
  border: 0;
  border-radius: 25px;
  width: 100%;
  height: 1.5em;
  cursor: pointer;
  box-shadow: inset 4px 4px 6px 0 rgba(0,0,0,0.2),inset -3px -4px 6px 0 rgba(255,255,255,0.3);
}

.c0 input[type=range]::-moz-range-thumb {
  width: 2em;
  height: 2em;
  background: var(--link);
  border: 0;
  border-radius: 2em;
  cursor: pointer;
  box-shadow: 1.5px 1.5px 4px -1px rgba(0,0,0,0.6),-1px -1px 2px 0px rgba(255,255,255,0.5);
}

.c0 input[type=range]::-ms-track {
  background: transparent;
  border-color: transparent;
  border-width: 9.65px 0;
  color: transparent;
  width: 100%;
  height: 1.5em;
  cursor: pointer;
  box-shadow: inset 4px 4px 6px 0 rgba(0,0,0,0.2),inset -3px -4px 6px 0 rgba(255,255,255,0.3);
}

.c0 input[type=range]::-ms-fill-lower {
  background: var(--background-light);
  border: 0;
  border-radius: 50px;
}

.c0 input[type=range]::-ms-fill-upper {
  background: var(--background-light);
  border: 0;
  border-radius: 50px;
}

.c0 input[type=range]::-ms-thumb {
  width: 2em;
  height: 2em;
  background: var(--link);
  border: 0;
  border-radius: 2em;
  cursor: pointer;
  margin-top: 0px;
  box-shadow: 1.5px 1.5px 4px -1px rgba(0,0,0,0.6),-1px -1px 2px 0px rgba(255,255,255,0.5);
}

.c0 input[type=range]:focus::-ms-fill-lower {
  background: var(--background-light);
}

.c0 input[type=range]:focus::-ms-fill-upper {
  background: var(--background-light);
}

@supports (-ms-ime-align:auto) {
  .c0 input[type=range] {
    margin: 0;
  }
}

<div>
  <label
    class="c0"
    data-testid="input-field"
  >
    <h3>
      Address
    </h3>
    <input
      data-testid="address"
      name="address"
      placeholder="name of street"
      type="text"
      value="anystreet"
    />
  </label>
</div>
`;
