// Jest Snapshot v1, https://goo.gl/fbAQLP

exports[`Landing renders correctly 1`] = `
.c3 {
  font-family: 'Hind Madurai';
  font-size: 1.5em;
  text-align: center;
  margin-top: 1em;
}

.c5 {
  padding: 1em 2em;
  font-family: 'Arvo';
  font-size: 1.1rem;
  border-radius: 10px;
  width: auto;
  border: none;
  background: var(--background);
  box-shadow: 2px 4px 8px -4px rgba(0,0,0,0.6),-2px -2px 2px 0px rgba(255,255,255,0.5);
  color: var(--headline);
  text-transform: uppercase;
  margin: 1em auto 3em auto;
}

.c5:hover {
  box-shadow: inset 4px 4px 6px 0 rgba(0,0,0,0.2),inset -3px -4px 6px 0 rgba(255,255,255,0.3);
  outline: none;
}

.c1 {
  padding-top: 2em;
  text-align: center;
}

.c2 {
  box-shadow: inset 4px 4px 6px 0 rgba(0,0,0,0.2),inset -3px -4px 6px 0 rgba(255,255,255,0.3);
  border-radius: 20px;
  padding: 1em 2em;
  width: 85%;
}

.c0 {
  display: grid;
  grid-template-rows: 2fr 3fr;
}

.c4 {
  display: -webkit-box;
  display: -webkit-flex;
  display: -ms-flexbox;
  display: flex;
  -webkit-flex-direction: column;
  -ms-flex-direction: column;
  flex-direction: column;
  -webkit-box-pack: center;
  -webkit-justify-content: center;
  -ms-flex-pack: center;
  justify-content: center;
  -webkit-align-items: center;
  -webkit-box-align: center;
  -ms-flex-align: center;
  align-items: center;
}

.c4 Button {
  margin: .5em;
  width: 10em;
}

<div>
  <div
    class="c0"
  >
    <div>
      <div
        class="c1"
        data-testid="logo"
      >
        <img
          alt="Moskito Logo"
          class="c2"
          src="moskitoLogo.svg"
        />
      </div>
      <h1
        class="c3"
      >
        Camping back to the roots
      </h1>
    </div>
    <div
      class="c4"
    >
      <a
        href="/login"
      >
        <button
          class="c5"
        >
          Login 
        </button>
      </a>
      <a
        href="/signup"
      >
        <button
          class="c5"
        >
          SignUp 
        </button>
      </a>
    </div>
  </div>
</div>
`;
